npm warn deprecated whatwg-encoding@3.1.1: Use @exodus/bytes instead for a more spec-conformant and faster implementation

added 180 packages, and audited 181 packages in 10s

29 packages are looking for funding
  run `npm fund` for details

5 vulnerabilities (3 moderate, 1 high, 1 critical)

To address all issues (including breaking changes), run:
  npm audit fix --force

Run `npm audit` for details.

> mortgage-agent-frontend@1.0.0 build
> tsc --noEmit && vite build

[36mvite v5.4.21 [32mbuilding for production...[36m[39m
transforming...
[32mÔ£ô[39m 36 modules transformed.
rendering chunks...
computing gzip size...
[2mdist/[22m[32mindex.html                 [39m[1m[2m  0.43 kB[22m[1m[22m[2m Ôöé gzip:  0.29 kB[22m
[2mdist/[22m[35massets/index-CLenAldr.css  [39m[1m[2m  3.14 kB[22m[1m[22m[2m Ôöé gzip:  1.20 kB[22m
[2mdist/[22m[36massets/index-DL2GsiBt.js   [39m[1m[2m150.02 kB[22m[1m[22m[2m Ôöé gzip: 48.37 kB[22m
[32mÔ£ô built in 732ms[39m

Welcome to Azure Static Web Apps CLI (2.0.8)

Deploying front-end files from folder:
  C:\code\rdw-model-evaluation-module\frontend\dist

Consider providing api-language and version using --api-language and --api-version flags,
    otherwise default values apiLanguage: node and apiVersion: 16 will apply

Deploying to environment: production


Found configuration file:
  C:\code\rdw-model-evaluation-module\frontend\staticwebapp.config.json

Deploying project to Azure Static Web Apps...
StaticSitesClient is outdated! Expected 689a6c1fe8fc32f40348cc41223a7e9d83dd43d2, got 08e29138cd3dcda4ffda6d587aa580028110c1c7
- Downloading https://swalocaldeployv2-bndtgugjgqc3dhdx.b01.azurefd.net/downloads/689a6c1fe8fc32f40348cc41223a7e9d83dd43d2/windows/StaticSitesClient.exe@689a6c1fe8fc32f40348cc41223a7e9d83dd43d2
[swa] Ô£ö Downloading https://swalocaldeployv2-bndtgugjgqc3dhdx.b01.azurefd.net/downloads/689a6c1fe8fc32f40348cc41223a7e9d83dd43d2/windows/StaticSitesClient.exe@689a6c1fe8fc32f40348cc41223a7e9d83dd43d2
- Preparing deployment. Please wait...
Ô£ö Project deployed to https://yellow-beach-07a6dfd03.7.azurestaticapps.net ­ƒÜÇ

