ERROR: The command failed with an unexpected error. Here is the traceback:
ERROR: HTTPSConnectionPool(host='login.microsoftonline.com', port=443): Max retries exceeded with url: /common/discovery/instance?api-version=1.1&authorization_endpoint=https://login.microsoftonline.com/common/oauth2/authorize (Caused by NameResolutionError("HTTPSConnection(host='login.microsoftonline.com', port=443): Failed to resolve 'login.microsoftonline.com' ([Errno 11001] getaddrinfo failed)"))
Traceback (most recent call last):
  File "D:\a\_work\1\s\build_scripts\windows\artifacts\cli\Lib\site-packages\urllib3/connection.py", line 204, in _new_conn
  File "D:\a\_work\1\s\build_scripts\windows\artifacts\cli\Lib\site-packages\urllib3/util/connection.py", line 60, in create_connection
  File "socket.py", line 977, in getaddrinfo
socket.gaierror: [Errno 11001] getaddrinfo failed

The above exception was the direct cause of the following exception:

Traceback (most recent call last):
  File "D:\a\_work\1\s\build_scripts\windows\artifacts\cli\Lib\site-packages\urllib3/connectionpool.py", line 787, in urlopen
  File "D:\a\_work\1\s\build_scripts\windows\artifacts\cli\Lib\site-packages\urllib3/connectionpool.py", line 488, in _make_request
  File "D:\a\_work\1\s\build_scripts\windows\artifacts\cli\Lib\site-packages\urllib3/connectionpool.py", line 464, in _make_request
  File "D:\a\_work\1\s\build_scripts\windows\artifacts\cli\Lib\site-packages\urllib3/connectionpool.py", line 1093, in _validate_conn
  File "D:\a\_work\1\s\build_scripts\windows\artifacts\cli\Lib\site-packages\urllib3/connection.py", line 759, in connect
  File "D:\a\_work\1\s\build_scripts\windows\artifacts\cli\Lib\site-packages\urllib3/connection.py", line 211, in _new_conn
urllib3.exceptions.NameResolutionError: HTTPSConnection(host='login.microsoftonline.com', port=443): Failed to resolve 'login.microsoftonline.com' ([Errno 11001] getaddrinfo failed)

The above exception was the direct cause of the following exception:

Traceback (most recent call last):
  File "D:\a\_work\1\s\build_scripts\windows\artifacts\cli\Lib\site-packages\requests/adapters.py", line 667, in send
  File "D:\a\_work\1\s\build_scripts\windows\artifacts\cli\Lib\site-packages\urllib3/connectionpool.py", line 871, in urlopen
  File "D:\a\_work\1\s\build_scripts\windows\artifacts\cli\Lib\site-packages\urllib3/connectionpool.py", line 841, in urlopen
  File "D:\a\_work\1\s\build_scripts\windows\artifacts\cli\Lib\site-packages\urllib3/util/retry.py", line 535, in increment
urllib3.exceptions.MaxRetryError: HTTPSConnectionPool(host='login.microsoftonline.com', port=443): Max retries exceeded with url: /common/discovery/instance?api-version=1.1&authorization_endpoint=https://login.microsoftonline.com/common/oauth2/authorize (Caused by NameResolutionError("HTTPSConnection(host='login.microsoftonline.com', port=443): Failed to resolve 'login.microsoftonline.com' ([Errno 11001] getaddrinfo failed)"))

During handling of the above exception, another exception occurred:

Traceback (most recent call last):
  File "D:\a\_work\1\s\build_scripts\windows\artifacts\cli\Lib\site-packages\knack/cli.py", line 233, in invoke
  File "D:\a\_work\1\s\build_scripts\windows\artifacts\cli\Lib\site-packages\azure/cli/core/commands/__init__.py", line 682, in execute
  File "D:\a\_work\1\s\build_scripts\windows\artifacts\cli\Lib\site-packages\azure/cli/core/commands/__init__.py", line 812, in _run_jobs_serially
  File "D:\a\_work\1\s\build_scripts\windows\artifacts\cli\Lib\site-packages\azure/cli/core/commands/__init__.py", line 781, in _run_job
  File "D:\a\_work\1\s\build_scripts\windows\artifacts\cli\Lib\site-packages\azure/cli/core/commands/__init__.py", line 336, in __call__
  File "D:\a\_work\1\s\build_scripts\windows\artifacts\cli\Lib\site-packages\azure/cli/core/commands/command_operation.py", line 120, in handler
  File "D:\a\_work\1\s\build_scripts\windows\artifacts\cli\Lib\site-packages\azure/cli/command_modules/resource/custom.py", line 1652, in create_resource_group
  File "D:\a\_work\1\s\build_scripts\windows\artifacts\cli\Lib\site-packages\azure/core/tracing/decorator.py", line 119, in wrapper_use_tracer
  File "D:\a\_work\1\s\build_scripts\windows\artifacts\cli\Lib\site-packages\azure/mgmt/resource/resources/v2024_11_01/operations/_operations.py", line 5914, in create_or_update
  File "D:\a\_work\1\s\build_scripts\windows\artifacts\cli\Lib\site-packages\azure/core/pipeline/_base.py", line 242, in run
  File "D:\a\_work\1\s\build_scripts\windows\artifacts\cli\Lib\site-packages\azure/core/pipeline/_base.py", line 98, in send
  File "D:\a\_work\1\s\build_scripts\windows\artifacts\cli\Lib\site-packages\azure/core/pipeline/_base.py", line 98, in send
  File "D:\a\_work\1\s\build_scripts\windows\artifacts\cli\Lib\site-packages\azure/core/pipeline/_base.py", line 98, in send
  [Previous line repeated 2 more times]
  File "D:\a\_work\1\s\build_scripts\windows\artifacts\cli\Lib\site-packages\azure/mgmt/core/policies/_base.py", line 95, in send
  File "D:\a\_work\1\s\build_scripts\windows\artifacts\cli\Lib\site-packages\azure/core/pipeline/policies/_redirect.py", line 205, in send
  File "D:\a\_work\1\s\build_scripts\windows\artifacts\cli\Lib\site-packages\azure/core/pipeline/policies/_retry.py", line 545, in send
  File "D:\a\_work\1\s\build_scripts\windows\artifacts\cli\Lib\site-packages\azure/core/pipeline/policies/_authentication.py", line 159, in send
  File "D:\a\_work\1\s\build_scripts\windows\artifacts\cli\Lib\site-packages\azure/core/pipeline/policies/_authentication.py", line 134, in on_request
  File "D:\a\_work\1\s\build_scripts\windows\artifacts\cli\Lib\site-packages\azure/core/pipeline/policies/_authentication.py", line 110, in _request_token
  File "D:\a\_work\1\s\build_scripts\windows\artifacts\cli\Lib\site-packages\azure/core/pipeline/policies/_authentication.py", line 100, in _get_token
  File "D:\a\_work\1\s\build_scripts\windows\artifacts\cli\Lib\site-packages\azure/cli/core/auth/credential_adaptor.py", line 43, in get_token_info
  File "D:\a\_work\1\s\build_scripts\windows\artifacts\cli\Lib\site-packages\azure/cli/core/auth/msal_credentials.py", line 55, in acquire_token
  File "D:\a\_work\1\s\build_scripts\windows\artifacts\cli\Lib\site-packages\msal/application.py", line 1475, in acquire_token_silent_with_error
  File "D:\a\_work\1\s\build_scripts\windows\artifacts\cli\Lib\site-packages\msal/application.py", line 1507, in _acquire_token_silent_with_error
  File "D:\a\_work\1\s\build_scripts\windows\artifacts\cli\Lib\site-packages\msal/application.py", line 1315, in _get_authority_aliases
  File "D:\a\_work\1\s\build_scripts\windows\artifacts\cli\Lib\site-packages\msal/application.py", line 1300, in _get_instance_metadata
  File "D:\a\_work\1\s\build_scripts\windows\artifacts\cli\Lib\site-packages\msal/individual_cache.py", line 273, in wrapper
  File "D:\a\_work\1\s\build_scripts\windows\artifacts\cli\Lib\site-packages\msal/throttled_http_client.py", line 99, in get
  File "D:\a\_work\1\s\build_scripts\windows\artifacts\cli\Lib\site-packages\requests/sessions.py", line 602, in get
  File "D:\a\_work\1\s\build_scripts\windows\artifacts\cli\Lib\site-packages\requests/sessions.py", line 589, in request
  File "D:\a\_work\1\s\build_scripts\windows\artifacts\cli\Lib\site-packages\requests/sessions.py", line 703, in send
  File "D:\a\_work\1\s\build_scripts\windows\artifacts\cli\Lib\site-packages\requests/adapters.py", line 700, in send
requests.exceptions.ConnectionError: HTTPSConnectionPool(host='login.microsoftonline.com', port=443): Max retries exceeded with url: /common/discovery/instance?api-version=1.1&authorization_endpoint=https://login.microsoftonline.com/common/oauth2/authorize (Caused by NameResolutionError("HTTPSConnection(host='login.microsoftonline.com', port=443): Failed to resolve 'login.microsoftonline.com' ([Errno 11001] getaddrinfo failed)"))
To check existing issues, please visit: https://github.com/Azure/azure-cli/issues
